src/index.ts(44,41): error TS7006: Parameter 'message' implicitly has an 'any' type.
src/index.ts(61,21): error TS2769: No overload matches this call.
  Overload 1 of 6, '(plugin: FastifyPluginCallback<{ prefix: string; }, RawServerDefault, FastifyTypeProvider, FastifyBaseLogger>, opts: FastifyRegisterOptions<...>): FastifyInstance<...> & ... 1 more ... & { ...; }', gave the following error.
    Argument of type 'typeof import("C:/Users/Henry/Documents/DeMegaPOS/apps/backend/src/modules/auth/routes", { with: { "resolution-mode": "import" } })' is not assignable to parameter of type 'FastifyPluginCallback<{ prefix: string; }, RawServerDefault, FastifyTypeProvider, FastifyBaseLogger>'.
      Type 'typeof import("C:/Users/Henry/Documents/DeMegaPOS/apps/backend/src/modules/auth/routes", { with: { "resolution-mode": "import" } })' provides no match for the signature '(instance: FastifyInstance<RawServerDefault, IncomingMessage, ServerResponse<IncomingMessage>, FastifyBaseLogger, FastifyTypeProvider>, opts: { ...; }, done: (err?: Error | undefined) => void): void'.
  Overload 2 of 6, '(plugin: FastifyPluginAsync<{ prefix: string; }, RawServerDefault, FastifyTypeProvider, FastifyBaseLogger>, opts: FastifyRegisterOptions<...>): FastifyInstance<...> & ... 1 more ... & { ...; }', gave the following error.
    Argument of type 'typeof import("C:/Users/Henry/Documents/DeMegaPOS/apps/backend/src/modules/auth/routes", { with: { "resolution-mode": "import" } })' is not assignable to parameter of type 'FastifyPluginAsync<{ prefix: string; }, RawServerDefault, FastifyTypeProvider, FastifyBaseLogger>'.
      Type 'typeof import("C:/Users/Henry/Documents/DeMegaPOS/apps/backend/src/modules/auth/routes", { with: { "resolution-mode": "import" } })' provides no match for the signature '(instance: FastifyInstance<RawServerDefault, IncomingMessage, ServerResponse<IncomingMessage>, FastifyBaseLogger, FastifyTypeProvider>, opts: { ...; }): Promise<...>'.
  Overload 3 of 6, '(plugin: FastifyPluginCallback<{ prefix: string; }, RawServerDefault, FastifyTypeProvider, FastifyBaseLogger> | FastifyPluginAsync<...> | Promise<...> | Promise<...>, opts: FastifyRegisterOptions<...>): FastifyInstance<...> & ... 1 more ... & { ...; }', gave the following error.
    Argument of type 'typeof import("C:/Users/Henry/Documents/DeMegaPOS/apps/backend/src/modules/auth/routes", { with: { "resolution-mode": "import" } })' is not assignable to parameter of type 'FastifyPluginCallback<{ prefix: string; }, RawServerDefault, FastifyTypeProvider, FastifyBaseLogger> | FastifyPluginAsync<...> | Promise<...> | Promise<...>'.
src/index.ts(62,21): error TS2769: No overload matches this call.
  Overload 1 of 6, '(plugin: FastifyPluginCallback<{ prefix: string; }, RawServerDefault, FastifyTypeProvider, FastifyBaseLogger>, opts: FastifyRegisterOptions<...>): FastifyInstance<...> & ... 1 more ... & { ...; }', gave the following error.
    Argument of type 'typeof import("C:/Users/Henry/Documents/DeMegaPOS/apps/backend/src/modules/tenants/routes", { with: { "resolution-mode": "import" } })' is not assignable to parameter of type 'FastifyPluginCallback<{ prefix: string; }, RawServerDefault, FastifyTypeProvider, FastifyBaseLogger>'.
      Type 'typeof import("C:/Users/Henry/Documents/DeMegaPOS/apps/backend/src/modules/tenants/routes", { with: { "resolution-mode": "import" } })' provides no match for the signature '(instance: FastifyInstance<RawServerDefault, IncomingMessage, ServerResponse<IncomingMessage>, FastifyBaseLogger, FastifyTypeProvider>, opts: { ...; }, done: (err?: Error | undefined) => void): void'.
  Overload 2 of 6, '(plugin: FastifyPluginAsync<{ prefix: string; }, RawServerDefault, FastifyTypeProvider, FastifyBaseLogger>, opts: FastifyRegisterOptions<...>): FastifyInstance<...> & ... 1 more ... & { ...; }', gave the following error.
    Argument of type 'typeof import("C:/Users/Henry/Documents/DeMegaPOS/apps/backend/src/modules/tenants/routes", { with: { "resolution-mode": "import" } })' is not assignable to parameter of type 'FastifyPluginAsync<{ prefix: string; }, RawServerDefault, FastifyTypeProvider, FastifyBaseLogger>'.
      Type 'typeof import("C:/Users/Henry/Documents/DeMegaPOS/apps/backend/src/modules/tenants/routes", { with: { "resolution-mode": "import" } })' provides no match for the signature '(instance: FastifyInstance<RawServerDefault, IncomingMessage, ServerResponse<IncomingMessage>, FastifyBaseLogger, FastifyTypeProvider>, opts: { ...; }): Promise<...>'.
  Overload 3 of 6, '(plugin: FastifyPluginCallback<{ prefix: string; }, RawServerDefault, FastifyTypeProvider, FastifyBaseLogger> | FastifyPluginAsync<...> | Promise<...> | Promise<...>, opts: FastifyRegisterOptions<...>): FastifyInstance<...> & ... 1 more ... & { ...; }', gave the following error.
    Argument of type 'typeof import("C:/Users/Henry/Documents/DeMegaPOS/apps/backend/src/modules/tenants/routes", { with: { "resolution-mode": "import" } })' is not assignable to parameter of type 'FastifyPluginCallback<{ prefix: string; }, RawServerDefault, FastifyTypeProvider, FastifyBaseLogger> | FastifyPluginAsync<...> | Promise<...> | Promise<...>'.
src/index.ts(63,21): error TS2769: No overload matches this call.
  Overload 1 of 6, '(plugin: FastifyPluginCallback<{ prefix: string; }, RawServerDefault, FastifyTypeProvider, FastifyBaseLogger>, opts: FastifyRegisterOptions<...>): FastifyInstance<...> & ... 1 more ... & { ...; }', gave the following error.
    Argument of type 'typeof import("C:/Users/Henry/Documents/DeMegaPOS/apps/backend/src/modules/inventory/routes", { with: { "resolution-mode": "import" } })' is not assignable to parameter of type 'FastifyPluginCallback<{ prefix: string; }, RawServerDefault, FastifyTypeProvider, FastifyBaseLogger>'.
      Type 'typeof import("C:/Users/Henry/Documents/DeMegaPOS/apps/backend/src/modules/inventory/routes", { with: { "resolution-mode": "import" } })' provides no match for the signature '(instance: FastifyInstance<RawServerDefault, IncomingMessage, ServerResponse<IncomingMessage>, FastifyBaseLogger, FastifyTypeProvider>, opts: { ...; }, done: (err?: Error | undefined) => void): void'.
  Overload 2 of 6, '(plugin: FastifyPluginAsync<{ prefix: string; }, RawServerDefault, FastifyTypeProvider, FastifyBaseLogger>, opts: FastifyRegisterOptions<...>): FastifyInstance<...> & ... 1 more ... & { ...; }', gave the following error.
    Argument of type 'typeof import("C:/Users/Henry/Documents/DeMegaPOS/apps/backend/src/modules/inventory/routes", { with: { "resolution-mode": "import" } })' is not assignable to parameter of type 'FastifyPluginAsync<{ prefix: string; }, RawServerDefault, FastifyTypeProvider, FastifyBaseLogger>'.
      Type 'typeof import("C:/Users/Henry/Documents/DeMegaPOS/apps/backend/src/modules/inventory/routes", { with: { "resolution-mode": "import" } })' provides no match for the signature '(instance: FastifyInstance<RawServerDefault, IncomingMessage, ServerResponse<IncomingMessage>, FastifyBaseLogger, FastifyTypeProvider>, opts: { ...; }): Promise<...>'.
  Overload 3 of 6, '(plugin: FastifyPluginCallback<{ prefix: string; }, RawServerDefault, FastifyTypeProvider, FastifyBaseLogger> | FastifyPluginAsync<...> | Promise<...> | Promise<...>, opts: FastifyRegisterOptions<...>): FastifyInstance<...> & ... 1 more ... & { ...; }', gave the following error.
    Argument of type 'typeof import("C:/Users/Henry/Documents/DeMegaPOS/apps/backend/src/modules/inventory/routes", { with: { "resolution-mode": "import" } })' is not assignable to parameter of type 'FastifyPluginCallback<{ prefix: string; }, RawServerDefault, FastifyTypeProvider, FastifyBaseLogger> | FastifyPluginAsync<...> | Promise<...> | Promise<...>'.
src/index.ts(64,21): error TS2769: No overload matches this call.
  Overload 1 of 6, '(plugin: FastifyPluginCallback<{ prefix: string; }, RawServerDefault, FastifyTypeProvider, FastifyBaseLogger>, opts: FastifyRegisterOptions<...>): FastifyInstance<...> & ... 1 more ... & { ...; }', gave the following error.
    Argument of type 'typeof import("C:/Users/Henry/Documents/DeMegaPOS/apps/backend/src/modules/orders/routes", { with: { "resolution-mode": "import" } })' is not assignable to parameter of type 'FastifyPluginCallback<{ prefix: string; }, RawServerDefault, FastifyTypeProvider, FastifyBaseLogger>'.
      Type 'typeof import("C:/Users/Henry/Documents/DeMegaPOS/apps/backend/src/modules/orders/routes", { with: { "resolution-mode": "import" } })' provides no match for the signature '(instance: FastifyInstance<RawServerDefault, IncomingMessage, ServerResponse<IncomingMessage>, FastifyBaseLogger, FastifyTypeProvider>, opts: { ...; }, done: (err?: Error | undefined) => void): void'.
  Overload 2 of 6, '(plugin: FastifyPluginAsync<{ prefix: string; }, RawServerDefault, FastifyTypeProvider, FastifyBaseLogger>, opts: FastifyRegisterOptions<...>): FastifyInstance<...> & ... 1 more ... & { ...; }', gave the following error.
    Argument of type 'typeof import("C:/Users/Henry/Documents/DeMegaPOS/apps/backend/src/modules/orders/routes", { with: { "resolution-mode": "import" } })' is not assignable to parameter of type 'FastifyPluginAsync<{ prefix: string; }, RawServerDefault, FastifyTypeProvider, FastifyBaseLogger>'.
      Type 'typeof import("C:/Users/Henry/Documents/DeMegaPOS/apps/backend/src/modules/orders/routes", { with: { "resolution-mode": "import" } })' provides no match for the signature '(instance: FastifyInstance<RawServerDefault, IncomingMessage, ServerResponse<IncomingMessage>, FastifyBaseLogger, FastifyTypeProvider>, opts: { ...; }): Promise<...>'.
  Overload 3 of 6, '(plugin: FastifyPluginCallback<{ prefix: string; }, RawServerDefault, FastifyTypeProvider, FastifyBaseLogger> | FastifyPluginAsync<...> | Promise<...> | Promise<...>, opts: FastifyRegisterOptions<...>): FastifyInstance<...> & ... 1 more ... & { ...; }', gave the following error.
    Argument of type 'typeof import("C:/Users/Henry/Documents/DeMegaPOS/apps/backend/src/modules/orders/routes", { with: { "resolution-mode": "import" } })' is not assignable to parameter of type 'FastifyPluginCallback<{ prefix: string; }, RawServerDefault, FastifyTypeProvider, FastifyBaseLogger> | FastifyPluginAsync<...> | Promise<...> | Promise<...>'.
src/index.ts(65,21): error TS2769: No overload matches this call.
  Overload 1 of 6, '(plugin: FastifyPluginCallback<{ prefix: string; }, RawServerDefault, FastifyTypeProvider, FastifyBaseLogger>, opts: FastifyRegisterOptions<...>): FastifyInstance<...> & ... 1 more ... & { ...; }', gave the following error.
    Argument of type 'typeof import("C:/Users/Henry/Documents/DeMegaPOS/apps/backend/src/modules/staff/routes", { with: { "resolution-mode": "import" } })' is not assignable to parameter of type 'FastifyPluginCallback<{ prefix: string; }, RawServerDefault, FastifyTypeProvider, FastifyBaseLogger>'.
      Type 'typeof import("C:/Users/Henry/Documents/DeMegaPOS/apps/backend/src/modules/staff/routes", { with: { "resolution-mode": "import" } })' provides no match for the signature '(instance: FastifyInstance<RawServerDefault, IncomingMessage, ServerResponse<IncomingMessage>, FastifyBaseLogger, FastifyTypeProvider>, opts: { ...; }, done: (err?: Error | undefined) => void): void'.
  Overload 2 of 6, '(plugin: FastifyPluginAsync<{ prefix: string; }, RawServerDefault, FastifyTypeProvider, FastifyBaseLogger>, opts: FastifyRegisterOptions<...>): FastifyInstance<...> & ... 1 more ... & { ...; }', gave the following error.
    Argument of type 'typeof import("C:/Users/Henry/Documents/DeMegaPOS/apps/backend/src/modules/staff/routes", { with: { "resolution-mode": "import" } })' is not assignable to parameter of type 'FastifyPluginAsync<{ prefix: string; }, RawServerDefault, FastifyTypeProvider, FastifyBaseLogger>'.
      Type 'typeof import("C:/Users/Henry/Documents/DeMegaPOS/apps/backend/src/modules/staff/routes", { with: { "resolution-mode": "import" } })' provides no match for the signature '(instance: FastifyInstance<RawServerDefault, IncomingMessage, ServerResponse<IncomingMessage>, FastifyBaseLogger, FastifyTypeProvider>, opts: { ...; }): Promise<...>'.
  Overload 3 of 6, '(plugin: FastifyPluginCallback<{ prefix: string; }, RawServerDefault, FastifyTypeProvider, FastifyBaseLogger> | FastifyPluginAsync<...> | Promise<...> | Promise<...>, opts: FastifyRegisterOptions<...>): FastifyInstance<...> & ... 1 more ... & { ...; }', gave the following error.
    Argument of type 'typeof import("C:/Users/Henry/Documents/DeMegaPOS/apps/backend/src/modules/staff/routes", { with: { "resolution-mode": "import" } })' is not assignable to parameter of type 'FastifyPluginCallback<{ prefix: string; }, RawServerDefault, FastifyTypeProvider, FastifyBaseLogger> | FastifyPluginAsync<...> | Promise<...> | Promise<...>'.
src/index.ts(66,21): error TS2769: No overload matches this call.
  Overload 1 of 6, '(plugin: FastifyPluginCallback<{ prefix: string; }, RawServerDefault, FastifyTypeProvider, FastifyBaseLogger>, opts: FastifyRegisterOptions<...>): FastifyInstance<...> & ... 1 more ... & { ...; }', gave the following error.
    Argument of type 'typeof import("C:/Users/Henry/Documents/DeMegaPOS/apps/backend/src/modules/webhooks/routes", { with: { "resolution-mode": "import" } })' is not assignable to parameter of type 'FastifyPluginCallback<{ prefix: string; }, RawServerDefault, FastifyTypeProvider, FastifyBaseLogger>'.
      Type 'typeof import("C:/Users/Henry/Documents/DeMegaPOS/apps/backend/src/modules/webhooks/routes", { with: { "resolution-mode": "import" } })' provides no match for the signature '(instance: FastifyInstance<RawServerDefault, IncomingMessage, ServerResponse<IncomingMessage>, FastifyBaseLogger, FastifyTypeProvider>, opts: { ...; }, done: (err?: Error | undefined) => void): void'.
  Overload 2 of 6, '(plugin: FastifyPluginAsync<{ prefix: string; }, RawServerDefault, FastifyTypeProvider, FastifyBaseLogger>, opts: FastifyRegisterOptions<...>): FastifyInstance<...> & ... 1 more ... & { ...; }', gave the following error.
    Argument of type 'typeof import("C:/Users/Henry/Documents/DeMegaPOS/apps/backend/src/modules/webhooks/routes", { with: { "resolution-mode": "import" } })' is not assignable to parameter of type 'FastifyPluginAsync<{ prefix: string; }, RawServerDefault, FastifyTypeProvider, FastifyBaseLogger>'.
      Type 'typeof import("C:/Users/Henry/Documents/DeMegaPOS/apps/backend/src/modules/webhooks/routes", { with: { "resolution-mode": "import" } })' provides no match for the signature '(instance: FastifyInstance<RawServerDefault, IncomingMessage, ServerResponse<IncomingMessage>, FastifyBaseLogger, FastifyTypeProvider>, opts: { ...; }): Promise<...>'.
  Overload 3 of 6, '(plugin: FastifyPluginCallback<{ prefix: string; }, RawServerDefault, FastifyTypeProvider, FastifyBaseLogger> | FastifyPluginAsync<...> | Promise<...> | Promise<...>, opts: FastifyRegisterOptions<...>): FastifyInstance<...> & ... 1 more ... & { ...; }', gave the following error.
    Argument of type 'typeof import("C:/Users/Henry/Documents/DeMegaPOS/apps/backend/src/modules/webhooks/routes", { with: { "resolution-mode": "import" } })' is not assignable to parameter of type 'FastifyPluginCallback<{ prefix: string; }, RawServerDefault, FastifyTypeProvider, FastifyBaseLogger> | FastifyPluginAsync<...> | Promise<...> | Promise<...>'.
src/index.ts(67,21): error TS2769: No overload matches this call.
  Overload 1 of 6, '(plugin: FastifyPluginCallback<{ prefix: string; }, RawServerDefault, FastifyTypeProvider, FastifyBaseLogger>, opts: FastifyRegisterOptions<...>): FastifyInstance<...> & ... 1 more ... & { ...; }', gave the following error.
    Argument of type 'typeof import("C:/Users/Henry/Documents/DeMegaPOS/apps/backend/src/modules/payments/routes", { with: { "resolution-mode": "import" } })' is not assignable to parameter of type 'FastifyPluginCallback<{ prefix: string; }, RawServerDefault, FastifyTypeProvider, FastifyBaseLogger>'.
      Type 'typeof import("C:/Users/Henry/Documents/DeMegaPOS/apps/backend/src/modules/payments/routes", { with: { "resolution-mode": "import" } })' provides no match for the signature '(instance: FastifyInstance<RawServerDefault, IncomingMessage, ServerResponse<IncomingMessage>, FastifyBaseLogger, FastifyTypeProvider>, opts: { ...; }, done: (err?: Error | undefined) => void): void'.
  Overload 2 of 6, '(plugin: FastifyPluginAsync<{ prefix: string; }, RawServerDefault, FastifyTypeProvider, FastifyBaseLogger>, opts: FastifyRegisterOptions<...>): FastifyInstance<...> & ... 1 more ... & { ...; }', gave the following error.
    Argument of type 'typeof import("C:/Users/Henry/Documents/DeMegaPOS/apps/backend/src/modules/payments/routes", { with: { "resolution-mode": "import" } })' is not assignable to parameter of type 'FastifyPluginAsync<{ prefix: string; }, RawServerDefault, FastifyTypeProvider, FastifyBaseLogger>'.
      Type 'typeof import("C:/Users/Henry/Documents/DeMegaPOS/apps/backend/src/modules/payments/routes", { with: { "resolution-mode": "import" } })' provides no match for the signature '(instance: FastifyInstance<RawServerDefault, IncomingMessage, ServerResponse<IncomingMessage>, FastifyBaseLogger, FastifyTypeProvider>, opts: { ...; }): Promise<...>'.
  Overload 3 of 6, '(plugin: FastifyPluginCallback<{ prefix: string; }, RawServerDefault, FastifyTypeProvider, FastifyBaseLogger> | FastifyPluginAsync<...> | Promise<...> | Promise<...>, opts: FastifyRegisterOptions<...>): FastifyInstance<...> & ... 1 more ... & { ...; }', gave the following error.
    Argument of type 'typeof import("C:/Users/Henry/Documents/DeMegaPOS/apps/backend/src/modules/payments/routes", { with: { "resolution-mode": "import" } })' is not assignable to parameter of type 'FastifyPluginCallback<{ prefix: string; }, RawServerDefault, FastifyTypeProvider, FastifyBaseLogger> | FastifyPluginAsync<...> | Promise<...> | Promise<...>'.
src/index.ts(68,21): error TS2769: No overload matches this call.
  Overload 1 of 6, '(plugin: FastifyPluginCallback<{ prefix: string; }, RawServerDefault, FastifyTypeProvider, FastifyBaseLogger>, opts: FastifyRegisterOptions<...>): FastifyInstance<...> & ... 1 more ... & { ...; }', gave the following error.
    Argument of type 'typeof import("C:/Users/Henry/Documents/DeMegaPOS/apps/backend/src/modules/sync/routes", { with: { "resolution-mode": "import" } })' is not assignable to parameter of type 'FastifyPluginCallback<{ prefix: string; }, RawServerDefault, FastifyTypeProvider, FastifyBaseLogger>'.
      Type 'typeof import("C:/Users/Henry/Documents/DeMegaPOS/apps/backend/src/modules/sync/routes", { with: { "resolution-mode": "import" } })' provides no match for the signature '(instance: FastifyInstance<RawServerDefault, IncomingMessage, ServerResponse<IncomingMessage>, FastifyBaseLogger, FastifyTypeProvider>, opts: { ...; }, done: (err?: Error | undefined) => void): void'.
  Overload 2 of 6, '(plugin: FastifyPluginAsync<{ prefix: string; }, RawServerDefault, FastifyTypeProvider, FastifyBaseLogger>, opts: FastifyRegisterOptions<...>): FastifyInstance<...> & ... 1 more ... & { ...; }', gave the following error.
    Argument of type 'typeof import("C:/Users/Henry/Documents/DeMegaPOS/apps/backend/src/modules/sync/routes", { with: { "resolution-mode": "import" } })' is not assignable to parameter of type 'FastifyPluginAsync<{ prefix: string; }, RawServerDefault, FastifyTypeProvider, FastifyBaseLogger>'.
      Type 'typeof import("C:/Users/Henry/Documents/DeMegaPOS/apps/backend/src/modules/sync/routes", { with: { "resolution-mode": "import" } })' provides no match for the signature '(instance: FastifyInstance<RawServerDefault, IncomingMessage, ServerResponse<IncomingMessage>, FastifyBaseLogger, FastifyTypeProvider>, opts: { ...; }): Promise<...>'.
  Overload 3 of 6, '(plugin: FastifyPluginCallback<{ prefix: string; }, RawServerDefault, FastifyTypeProvider, FastifyBaseLogger> | FastifyPluginAsync<...> | Promise<...> | Promise<...>, opts: FastifyRegisterOptions<...>): FastifyInstance<...> & ... 1 more ... & { ...; }', gave the following error.
    Argument of type 'typeof import("C:/Users/Henry/Documents/DeMegaPOS/apps/backend/src/modules/sync/routes", { with: { "resolution-mode": "import" } })' is not assignable to parameter of type 'FastifyPluginCallback<{ prefix: string; }, RawServerDefault, FastifyTypeProvider, FastifyBaseLogger> | FastifyPluginAsync<...> | Promise<...> | Promise<...>'.
src/index.ts(69,21): error TS2769: No overload matches this call.
  Overload 1 of 6, '(plugin: FastifyPluginCallback<{ prefix: string; }, RawServerDefault, FastifyTypeProvider, FastifyBaseLogger>, opts: FastifyRegisterOptions<...>): FastifyInstance<...> & ... 1 more ... & { ...; }', gave the following error.
    Argument of type 'typeof import("C:/Users/Henry/Documents/DeMegaPOS/apps/backend/src/modules/customers/routes", { with: { "resolution-mode": "import" } })' is not assignable to parameter of type 'FastifyPluginCallback<{ prefix: string; }, RawServerDefault, FastifyTypeProvider, FastifyBaseLogger>'.
      Type 'typeof import("C:/Users/Henry/Documents/DeMegaPOS/apps/backend/src/modules/customers/routes", { with: { "resolution-mode": "import" } })' provides no match for the signature '(instance: FastifyInstance<RawServerDefault, IncomingMessage, ServerResponse<IncomingMessage>, FastifyBaseLogger, FastifyTypeProvider>, opts: { ...; }, done: (err?: Error | undefined) => void): void'.
  Overload 2 of 6, '(plugin: FastifyPluginAsync<{ prefix: string; }, RawServerDefault, FastifyTypeProvider, FastifyBaseLogger>, opts: FastifyRegisterOptions<...>): FastifyInstance<...> & ... 1 more ... & { ...; }', gave the following error.
    Argument of type 'typeof import("C:/Users/Henry/Documents/DeMegaPOS/apps/backend/src/modules/customers/routes", { with: { "resolution-mode": "import" } })' is not assignable to parameter of type 'FastifyPluginAsync<{ prefix: string; }, RawServerDefault, FastifyTypeProvider, FastifyBaseLogger>'.
      Type 'typeof import("C:/Users/Henry/Documents/DeMegaPOS/apps/backend/src/modules/customers/routes", { with: { "resolution-mode": "import" } })' provides no match for the signature '(instance: FastifyInstance<RawServerDefault, IncomingMessage, ServerResponse<IncomingMessage>, FastifyBaseLogger, FastifyTypeProvider>, opts: { ...; }): Promise<...>'.
  Overload 3 of 6, '(plugin: FastifyPluginCallback<{ prefix: string; }, RawServerDefault, FastifyTypeProvider, FastifyBaseLogger> | FastifyPluginAsync<...> | Promise<...> | Promise<...>, opts: FastifyRegisterOptions<...>): FastifyInstance<...> & ... 1 more ... & { ...; }', gave the following error.
    Argument of type 'typeof import("C:/Users/Henry/Documents/DeMegaPOS/apps/backend/src/modules/customers/routes", { with: { "resolution-mode": "import" } })' is not assignable to parameter of type 'FastifyPluginCallback<{ prefix: string; }, RawServerDefault, FastifyTypeProvider, FastifyBaseLogger> | FastifyPluginAsync<...> | Promise<...> | Promise<...>'.
src/modules/auth/routes.ts(100,35): error TS2345: Argument of type '401' is not assignable to parameter of type '200'.
src/modules/auth/routes.ts(100,47): error TS2353: Object literal may only specify known properties, and 'message' does not exist in type '{ user: { id: string; email: string | null; phone: string | null; name: string | null; role: string; tenantId: string; branchId: string | null; permissions: any; }; accessToken: string; }'.
src/modules/auth/routes.ts(106,35): error TS2345: Argument of type '401' is not assignable to parameter of type '200'.
src/modules/auth/routes.ts(106,47): error TS2353: Object literal may only specify known properties, and 'message' does not exist in type '{ user: { id: string; email: string | null; phone: string | null; name: string | null; role: string; tenantId: string; branchId: string | null; permissions: any; }; accessToken: string; }'.
src/modules/inventory/service.ts(6,9): error TS2322: Type '{ name: string; }' is not assignable to type 'Exact<(Without<CategoryCreateInput, CategoryUncheckedCreateInput> & CategoryUncheckedCreateInput) | (Without<...> & CategoryCreateInput), (Without<...> & CategoryUncheckedCreateInput) | (Without<...> & CategoryCreateInput)>'.
  Property 'tenant' is missing in type '{ name: string; }' but required in type '{ tenantId?: undefined; id?: Exact<string | undefined, string | undefined>; name: string; tenant: { create?: Exact<(Without<TenantCreateWithoutCategoriesInput, TenantUncheckedCreateWithoutCategoriesInput> & TenantUncheckedCreateWithoutCategoriesInput) | (Without<...> & TenantCreateWithoutCategoriesInput) | undefined...'.
src/modules/inventory/service.ts(18,9): error TS2322: Type '{ price: string; costPrice: string | undefined; vipPrice: string | undefined; expiryDate: Date | null; variants: { create: { price: string; costPrice: string | undefined; vipPrice: string | undefined; name: string; stock: number; sku?: string | undefined; }[]; } | undefined; ... 8 more ...; categoryId?: string | und...' is not assignable to type 'Exact<(Without<ProductCreateInput, ProductUncheckedCreateInput> & ProductUncheckedCreateInput) | (Without<...> & ProductCreateInput), (Without<...> & ProductUncheckedCreateInput) | (Without<...> & ProductCreateInput)>'.
  Property 'tenant' is missing in type '{ price: string; costPrice: string | undefined; vipPrice: string | undefined; expiryDate: Date | null; variants: { create: { price: string; costPrice: string | undefined; vipPrice: string | undefined; name: string; stock: number; sku?: string | undefined; }[]; } | undefined; ... 8 more ...; categoryId?: string | und...' but required in type '{ tenantId?: undefined; categoryId?: undefined; id?: Exact<string | undefined, string | undefined>; name: string; sku?: Exact<string | null | undefined, string | null | undefined>; ... 18 more ...; orderItems?: Exact<...>; }'.
src/modules/inventory/service.ts(71,13): error TS2322: Type '{ productId: string; variantId: string | undefined; type: "IN" | "OUT" | "ADJUST" | "RETURN"; quantity: number; reason: string | undefined; userId: string; }' is not assignable to type 'Exact<(Without<StockAdjustmentCreateInput, StockAdjustmentUncheckedCreateInput> & StockAdjustmentUncheckedCreateInput) | (Without<...> & StockAdjustmentCreateInput), (Without<...> & StockAdjustmentUncheckedCreateInput) | (Without<...> & StockAdjustmentCreateInput)>'.
  Type '{ productId: string; variantId: string | undefined; type: "IN" | "OUT" | "ADJUST" | "RETURN"; quantity: number; reason: string | undefined; userId: string; }' is not assignable to type '(Without<StockAdjustmentCreateInput, StockAdjustmentUncheckedCreateInput> & StockAdjustmentUncheckedCreateInput) | { ...; }'.
    Property 'tenantId' is missing in type '{ productId: string; variantId: string | undefined; type: "IN" | "OUT" | "ADJUST" | "RETURN"; quantity: number; reason: string | undefined; userId: string; }' but required in type '{ user?: undefined; tenant?: undefined; product?: undefined; variant?: undefined; id?: Exact<string | undefined, string | undefined>; type: Exact<StockAdjustmentType, StockAdjustmentType>; ... 6 more ...; createdAt?: Exact<...>; }'.
src/modules/orders/routes.ts(22,17): error TS2339: Property 'broadcast' does not exist on type 'FastifyInstance<RawServerDefault, IncomingMessage, ServerResponse<IncomingMessage>, FastifyBaseLogger, FastifyTypeProviderDefault>'.
src/modules/staff/schemas.ts(15,20): error TS2554: Expected 2-3 arguments, but got 1.
src/modules/tenants/schemas.ts(6,17): error TS2554: Expected 2-3 arguments, but got 1.
